Introduce number 0 : 
Introduce number 1 : 
Introduce number 2 : 
Introduce number 3 : 
Introduce number 4 : 
Introduce number 5 : 
Introduce number 6 : 
Introduce number 7 : 


MSSP result is: 11 
